 windows32

 Timestamp is 6522eba3 (Sun Oct  8 12:49:23 2023)

 Preferred load address is 00400000

 Start         Length     Name                   Class
 0001:00000000 00010000H .textbss                DATA
 0002:00000000 00005bb9H .text$mn                CODE
 0003:00000000 00000104H .CRT$XCA                DATA
 0003:00000104 00000104H .CRT$XCAA               DATA
 0003:00000208 00000104H .CRT$XCZ                DATA
 0003:0000030c 00000104H .CRT$XIA                DATA
 0003:00000410 00000104H .CRT$XIAA               DATA
 0003:00000514 00000104H .CRT$XIAC               DATA
 0003:00000618 00000104H .CRT$XIZ                DATA
 0003:0000071c 00000104H .CRT$XPA                DATA
 0003:00000820 00000104H .CRT$XPZ                DATA
 0003:00000924 00000104H .CRT$XTA                DATA
 0003:00000a28 00000108H .CRT$XTZ                DATA
 0003:00000b30 00000c50H .rdata                  DATA
 0003:00001780 00000180H .rdata$CastGuardVftablesA DATA
 0003:00001900 0000014cH .rdata$CastGuardVftablesC DATA
 0003:00001a4c 0000018cH .rdata$zzzdbg           DATA
 0003:00001bd8 00000104H .rtc$IAA                DATA
 0003:00001cdc 00000104H .rtc$IMZ                DATA
 0003:00001de0 00000104H .rtc$IZZ                DATA
 0003:00001ee4 00000104H .rtc$TAA                DATA
 0003:00001fe8 00000104H .rtc$TMZ                DATA
 0003:000020ec 00000104H .rtc$TZZ                DATA
 0003:000021f0 00000169H .xdata$x                DATA
 0003:00002359 00000000H .edata                  DATA
 0004:00000000 000001f0H .data                   DATA
 0004:000001f0 000006ccH .bss                    DATA
 0005:00000000 00000200H .idata$5                DATA
 0005:00000200 00000050H .idata$2                DATA
 0005:00000250 00000014H .idata$3                DATA
 0005:00000264 00000200H .idata$4                DATA
 0005:00000464 00000753H .idata$6                DATA
 0006:00000000 0000010eH .00cfg                  DATA
 0007:00000000 000001c0H .rsrc$01                DATA
 0007:000001c0 00000396H .rsrc$02                DATA

  Address         Publics by Value              Rva+Base       Lib:Object

 0000:00000000       ___AbsoluteZero            00000000     <absolute>
 0000:00000000       ___arm64x_extra_rfe_table  00000000     <absolute>
 0000:00000000       ___arm64x_extra_rfe_table_size 00000000     <absolute>
 0000:00000000       ___arm64x_native_entrypoint 00000000     <absolute>
 0000:00000000       ___arm64x_redirection_metadata 00000000     <absolute>
 0000:00000000       ___arm64x_redirection_metadata_count 00000000     <absolute>
 0000:00000000       ___dynamic_value_reloc_table 00000000     <absolute>
 0000:00000000       ___enclave_config          00000000     <absolute>
 0000:00000000       ___guard_check_icall_a64n_fptr 00000000     <absolute>
 0000:00000000       ___guard_eh_cont_count     00000000     <absolute>
 0000:00000000       ___guard_eh_cont_table     00000000     <absolute>
 0000:00000000       ___guard_fids_count        00000000     <absolute>
 0000:00000000       ___guard_fids_table        00000000     <absolute>
 0000:00000000       ___guard_iat_count         00000000     <absolute>
 0000:00000000       ___guard_iat_table         00000000     <absolute>
 0000:00000000       ___guard_longjmp_count     00000000     <absolute>
 0000:00000000       ___guard_longjmp_table     00000000     <absolute>
 0000:00000000       ___hybrid_auxiliary_delayload_iat 00000000     <absolute>
 0000:00000000       ___hybrid_auxiliary_delayload_iat_copy 00000000     <absolute>
 0000:00000000       ___hybrid_auxiliary_iat    00000000     <absolute>
 0000:00000000       ___hybrid_auxiliary_iat_copy 00000000     <absolute>
 0000:00000000       ___hybrid_code_map         00000000     <absolute>
 0000:00000000       ___hybrid_code_map_count   00000000     <absolute>
 0000:00000000       ___hybrid_image_info_bitfield 00000000     <absolute>
 0000:00000000       ___safe_se_handler_count   00000000     <absolute>
 0000:00000000       ___safe_se_handler_table   00000000     <absolute>
 0000:00000000       ___volatile_metadata       00000000     <absolute>
 0000:00000000       ___x64_code_ranges_to_entry_points 00000000     <absolute>
 0000:00000000       ___x64_code_ranges_to_entry_points_count 00000000     <absolute>
 0000:00000100       ___guard_flags             00000100     <absolute>
 0000:00000000       ___ImageBase               00400000     <linker-defined>
 0001:00000000       __enc$textbss$begin        00401000     <linker-defined>
 0001:00010000       __enc$textbss$end          00411000     <linker-defined>
 0002:000007e0       _DlgProc@16                004117e0 f   framework.obj
 0002:000009b0       _WinMain@16                004119b0 f   framework.obj
 0002:00000a00       _getInput                  00411a00 f   framework.obj
 0002:00000ad0       _showOutput                00411ad0 f   framework.obj
 0002:00000b30       _MainProc                  00411b30 f   P4_0_Martinez.obj
 0002:00000c30       wtoaproc                   00411c30 f   io.obj
 0002:00000c9d       dtoaproc                   00411c9d f   io.obj
 0002:00000d18       atowproc                   00411d18 f   io.obj
 0002:00000d74       atodproc                   00411d74 f   io.obj
 0002:00000e36       _DialogBoxParamA@20        00411e36 f   user32:USER32.dll
 0002:00000e3c       _EndDialog@8               00411e3c f   user32:USER32.dll
 0002:00000e42       _GetDlgItem@8              00411e42 f   user32:USER32.dll
 0002:00000e48       _SetDlgItemTextA@12        00411e48 f   user32:USER32.dll
 0002:00000e4e       _GetDlgItemTextA@16        00411e4e f   user32:USER32.dll
 0002:00000e54       _GetWindowTextLengthA@4    00411e54 f   user32:USER32.dll
 0002:00000e5a       _MessageBoxA@16            00411e5a f   user32:USER32.dll
 0002:00000e60       ___raise_securityfailure   00411e60 f   MSVCRTD:gs_report.obj
 0002:00000ea0       ___report_gsfailure        00411ea0 f   MSVCRTD:gs_report.obj
 0002:00000ff0       ___report_rangecheckfailure 00411ff0 f   MSVCRTD:gs_report.obj
 0002:00001000       ___report_securityfailure  00412000 f   MSVCRTD:gs_report.obj
 0002:00001110       ___report_securityfailureEx 00412110 f   MSVCRTD:gs_report.obj
 0002:00001280       @_RTC_AllocaHelper@12      00412280 f   MSVCRTD:stack.obj
 0002:000012c0       @_RTC_CheckStackVars2@12   004122c0 f   MSVCRTD:stack.obj
 0002:000013d0       @_RTC_CheckStackVars@8     004123d0 f   MSVCRTD:stack.obj
 0002:00001440       __RTC_CheckEsp             00412440 f   MSVCRTD:stack.obj
 0002:00001470       __CRT_RTC_INIT             00412470 f   MSVCRTD:init.obj
 0002:00001480       __CRT_RTC_INITW            00412480 f   MSVCRTD:init.obj
 0002:00001490       __RTC_InitBase             00412490 f   MSVCRTD:init.obj
 0002:000014d0       __RTC_Shutdown             004124d0 f   MSVCRTD:init.obj
 0002:000018c0       ?configure_argv@__scrt_narrow_argv_policy@@SAHXZ 004128c0 f i MSVCRTD:exe_winmain.obj
 0002:000018e0       ?initialize_environment@__scrt_narrow_environment_policy@@SAHXZ 004128e0 f i MSVCRTD:exe_winmain.obj
 0002:00001930       ?set_app_type@__scrt_winmain_policy@@SAXXZ 00412930 f i MSVCRTD:exe_winmain.obj
 0002:00001950       ?set_commode@__scrt_file_policy@@SAXXZ 00412950 f i MSVCRTD:exe_winmain.obj
 0002:00001970       ?set_fmode@__scrt_file_policy@@SAXXZ 00412970 f i MSVCRTD:exe_winmain.obj
 0002:00001990       _WinMainCRTStartup         00412990 f   MSVCRTD:exe_winmain.obj
 0002:00001a50       ?_RTC_AllocaFailure@@YAXPAXPAU_RTC_ALLOCA_NODE@@H@Z 00412a50 f   MSVCRTD:error.obj
 0002:00001b70       ?_RTC_Failure@@YAXPAXH@Z   00412b70 f   MSVCRTD:error.obj
 0002:00001be0       ?_RTC_StackFailure@@YAXPAXPBD@Z 00412be0 f   MSVCRTD:error.obj
 0002:00002090       __RTC_UninitUse            00413090 f   MSVCRTD:error.obj
 0002:00002170       ___local_stdio_printf_options 00413170 f i MSVCRTD:error.obj
 0002:00002180       __vsprintf_s_l             00413180 f i MSVCRTD:error.obj
 0002:000021c0       _sprintf_s                 004131c0 f i MSVCRTD:error.obj
 0002:000021f0       ?_RTC_GetErrorFunc@@YAP6AHHPBDH00ZZPBX@Z 004131f0 f   MSVCRTD:userapi.obj
 0002:00002200       ?_RTC_GetErrorFuncW@@YAP6AHHPB_WH00ZZPBX@Z 00413200 f   MSVCRTD:userapi.obj
 0002:00002210       __RTC_GetErrDesc           00413210 f   MSVCRTD:userapi.obj
 0002:00002230       __RTC_NumErrors            00413230 f   MSVCRTD:userapi.obj
 0002:00002240       __RTC_SetErrorFunc         00413240 f   MSVCRTD:userapi.obj
 0002:00002270       __RTC_SetErrorFuncW        00413270 f   MSVCRTD:userapi.obj
 0002:000022a0       __RTC_SetErrorType         004132a0 f   MSVCRTD:userapi.obj
 0002:00002410       _NtCurrentTeb              00413410 f i MSVCRTD:utility.obj
 0002:00002420       ___scrt_acquire_startup_lock 00413420 f   MSVCRTD:utility.obj
 0002:00002480       ___scrt_dllmain_after_initialize_c 00413480 f   MSVCRTD:utility.obj
 0002:000024c0       ___scrt_dllmain_before_initialize_c 004134c0 f   MSVCRTD:utility.obj
 0002:000024f0       ___scrt_dllmain_crt_thread_attach 004134f0 f   MSVCRTD:utility.obj
 0002:00002530       ___scrt_dllmain_crt_thread_detach 00413530 f   MSVCRTD:utility.obj
 0002:00002550       ___scrt_dllmain_exception_filter 00413550 f   MSVCRTD:utility.obj
 0002:000025b0       ___scrt_dllmain_uninitialize_c 004135b0 f   MSVCRTD:utility.obj
 0002:000025f0       ___scrt_dllmain_uninitialize_critical 004135f0 f   MSVCRTD:utility.obj
 0002:00002610       ___scrt_initialize_crt     00413610 f   MSVCRTD:utility.obj
 0002:00002670       ___scrt_initialize_onexit_tables 00413670 f   MSVCRTD:utility.obj
 0002:00002780       ___scrt_is_nonwritable_in_current_image 00413780 f   MSVCRTD:utility.obj
 0002:00002900       ___scrt_release_startup_lock 00413900 f   MSVCRTD:utility.obj
 0002:00002930       ___scrt_uninitialize_crt   00413930 f   MSVCRTD:utility.obj
 0002:00002980       __onexit                   00413980 f   MSVCRTD:utility.obj
 0002:00002a00       _at_quick_exit             00413a00 f   MSVCRTD:utility.obj
 0002:00002a50       _atexit                    00413a50 f   MSVCRTD:utility.obj
 0002:00002b20       ___security_init_cookie    00413b20 f   MSVCRTD:gs_support.obj
 0002:00002bc0       __matherr                  00413bc0 f   MSVCRTD:matherr.obj
 0002:00002bd0       __get_startup_argv_mode    00413bd0 f   MSVCRTD:argv_mode.obj
 0002:00002be0       __get_startup_commit_mode  00413be0 f   MSVCRTD:commit_mode.obj
 0002:00002bf0       __get_startup_file_mode    00413bf0 f   MSVCRTD:file_mode.obj
 0002:00002c00       __get_startup_new_mode     00413c00 f   MSVCRTD:new_mode.obj
 0002:00002c10       __get_startup_thread_locale_mode 00413c10 f   MSVCRTD:thread_locale.obj
 0002:00002c20       ?__scrt_initialize_type_info@@YAXXZ 00413c20 f   MSVCRTD:tncleanup.obj
 0002:00002c40       ?__scrt_uninitialize_type_info@@YAXXZ 00413c40 f   MSVCRTD:tncleanup.obj
 0002:00002c60       __should_initialize_environment 00413c60 f   MSVCRTD:env_mode.obj
 0002:00002c70       __initialize_default_precision 00413c70 f   MSVCRTD:default_precision.obj
 0002:00002ca0       __initialize_invalid_parameter_handler 00413ca0 f   MSVCRTD:invalid_parameter_handler.obj
 0002:00002cb0       __initialize_denormal_control 00413cb0 f   MSVCRTD:denormal_control.obj
 0002:00002cc0       ___local_stdio_scanf_options 00413cc0 f i MSVCRTD:default_local_stdio_options.obj
 0002:00002cd0       ___scrt_initialize_default_local_stdio_options 00413cd0 f   MSVCRTD:default_local_stdio_options.obj
 0002:00002d20       ___scrt_is_user_matherr_present 00413d20 f   MSVCRTD:matherr_detection.obj
 0002:00002d50       ___scrt_get_dyn_tls_init_callback 00413d50 f   MSVCRTD:dyn_tls_init.obj
 0002:00002d60       ___scrt_get_dyn_tls_dtor_callback 00413d60 f   MSVCRTD:dyn_tls_dtor.obj
 0002:00002d70       ___scrt_fastfail           00413d70 f   MSVCRTD:utility_desktop.obj
 0002:00002f00       ___scrt_get_show_window_mode 00413f00 f   MSVCRTD:utility_desktop.obj
 0002:00002f50       ___scrt_initialize_mta     00413f50 f   MSVCRTD:utility_desktop.obj
 0002:00002f60       ___scrt_initialize_winrt   00413f60 f   MSVCRTD:utility_desktop.obj
 0002:00002f70       ___scrt_is_managed_app     00413f70 f   MSVCRTD:utility_desktop.obj
 0002:00003020       ___scrt_set_unhandled_exception_filter 00414020 f   MSVCRTD:utility_desktop.obj
 0002:00003040       ___scrt_exe_initialize_mta 00414040 f   MSVCRTD:utility_desktop.obj
 0002:00003040       ___scrt_stub_for_initialize_mta 00414040 f   MSVCRTD:utility_desktop.obj
 0002:00003050       ___scrt_unhandled_exception_filter@4 00414050 f   MSVCRTD:utility_desktop.obj
 0002:000030f0       __crt_debugger_hook        004140f0 f   MSVCRTD:utility_desktop.obj
 0002:00003110       __RTC_Initialize           00414110 f   MSVCRTD:initsect.obj
 0002:00003150       __RTC_Terminate            00414150 f   MSVCRTD:initsect.obj
 0002:00003190       __except_handler4          00414190 f   MSVCRTD:chandler4gs.obj
 0002:000031e0       @_guard_check_icall_nop@4  004141e0 f i MSVCRTD:guard_support.obj
 0002:000031f0       _ReadNoFence               004141f0 f i MSVCRTD:guard_support.obj
 0002:00003210       _ReadPointerNoFence        00414210 f i MSVCRTD:guard_support.obj
 0002:00003230       __InlineInterlockedExchangePointer 00414230 f i MSVCRTD:guard_support.obj
 0002:00003240       ___castguard_check_failure_debugbreak 00414240 f i MSVCRTD:guard_support.obj
 0002:00003260       ___castguard_check_failure_fastfail 00414260 f i MSVCRTD:guard_support.obj
 0002:00003290       ___castguard_check_failure_nop 00414290 f i MSVCRTD:guard_support.obj
 0002:000032a0       ___castguard_check_failure_os_handled 004142a0 f i MSVCRTD:guard_support.obj
 0002:00003300       ___castguard_check_failure_user_handled 00414300 f i MSVCRTD:guard_support.obj
 0002:000033c0       ___castguard_set_user_handler 004143c0 f i MSVCRTD:guard_support.obj
 0002:000033f0       ___castguard_slow_path_check_debugbreak 004143f0 f i MSVCRTD:guard_support.obj
 0002:00003430       ___castguard_slow_path_check_fastfail 00414430 f i MSVCRTD:guard_support.obj
 0002:00003480       ___castguard_slow_path_check_nop 00414480 f i MSVCRTD:guard_support.obj
 0002:00003490       ___castguard_slow_path_check_os_handled 00414490 f i MSVCRTD:guard_support.obj
 0002:000034e0       ___castguard_slow_path_check_user_handled 004144e0 f i MSVCRTD:guard_support.obj
 0002:00003580       __guard_icall_checks_enforced 00414580 f i MSVCRTD:guard_support.obj
 0002:00003b60       ?_RTC_GetSrcLine@@YAHPAEPA_WKPAH1K@Z 00414b60 f   MSVCRTD:pdblkup.obj
 0002:00003fc0       @__security_check_cookie@4 00414fc0 f   MSVCRTD:secchk.obj
 0002:00003fe0       __except_handler4_noexcept 00414fe0 f   MSVCRTD:chandler4_noexcept.obj
 0002:00004060       ___isa_available_init      00415060 f   MSVCRTD:cpu_disp.obj
 0002:00004460       ___scrt_is_ucrt_dll_in_use 00415460 f   MSVCRTD:ucrt_detection.obj
 0002:0000448d       ___std_type_info_destroy_list 0041548d f   vcruntimed:VCRUNTIME140D.dll
 0002:00004493       ___current_exception       00415493 f   vcruntimed:VCRUNTIME140D.dll
 0002:00004499       ___current_exception_context 00415499 f   vcruntimed:VCRUNTIME140D.dll
 0002:0000449f       _memset                    0041549f f   vcruntimed:VCRUNTIME140D.dll
 0002:000044a5       __except_handler4_common   004154a5 f   vcruntimed:VCRUNTIME140D.dll
 0002:000044ab       ___vcrt_GetModuleFileNameW 004154ab f   vcruntimed:VCRUNTIME140D.dll
 0002:000044b1       ___vcrt_GetModuleHandleW   004154b1 f   vcruntimed:VCRUNTIME140D.dll
 0002:000044b7       ___vcrt_LoadLibraryExW     004154b7 f   vcruntimed:VCRUNTIME140D.dll
 0002:000044bd       _strcpy                    004154bd f   ucrtd:ucrtbased.dll
 0002:000044c3       __CrtDbgReport             004154c3 f   ucrtd:ucrtbased.dll
 0002:000044c9       __CrtDbgReportW            004154c9 f   ucrtd:ucrtbased.dll
 0002:000044cf       __seh_filter_exe           004154cf f   ucrtd:ucrtbased.dll
 0002:000044d5       __set_app_type             004154d5 f   ucrtd:ucrtbased.dll
 0002:000044db       ___setusermatherr          004154db f   ucrtd:ucrtbased.dll
 0002:000044e1       __configure_narrow_argv    004154e1 f   ucrtd:ucrtbased.dll
 0002:000044e7       __initialize_narrow_environment 004154e7 f   ucrtd:ucrtbased.dll
 0002:000044ed       __get_narrow_winmain_command_line 004154ed f   ucrtd:ucrtbased.dll
 0002:000044f3       __initterm                 004154f3 f   ucrtd:ucrtbased.dll
 0002:000044f9       __initterm_e               004154f9 f   ucrtd:ucrtbased.dll
 0002:000044ff       _exit                      004154ff f   ucrtd:ucrtbased.dll
 0002:00004505       __exit                     00415505 f   ucrtd:ucrtbased.dll
 0002:0000450b       __set_fmode                0041550b f   ucrtd:ucrtbased.dll
 0002:00004511       __cexit                    00415511 f   ucrtd:ucrtbased.dll
 0002:00004517       __c_exit                   00415517 f   ucrtd:ucrtbased.dll
 0002:0000451d       __register_thread_local_exe_atexit_callback 0041551d f   ucrtd:ucrtbased.dll
 0002:00004523       __configthreadlocale       00415523 f   ucrtd:ucrtbased.dll
 0002:00004529       __set_new_mode             00415529 f   ucrtd:ucrtbased.dll
 0002:0000452f       ___p__commode              0041552f f   ucrtd:ucrtbased.dll
 0002:00004535       _strcpy_s                  00415535 f   ucrtd:ucrtbased.dll
 0002:0000453b       _strcat_s                  0041553b f   ucrtd:ucrtbased.dll
 0002:00004541       ___stdio_common_vsprintf_s 00415541 f   ucrtd:ucrtbased.dll
 0002:00004547       __seh_filter_dll           00415547 f   ucrtd:ucrtbased.dll
 0002:0000454d       __initialize_onexit_table  0041554d f   ucrtd:ucrtbased.dll
 0002:00004553       __register_onexit_function 00415553 f   ucrtd:ucrtbased.dll
 0002:00004559       __execute_onexit_table     00415559 f   ucrtd:ucrtbased.dll
 0002:0000455f       __crt_atexit               0041555f f   ucrtd:ucrtbased.dll
 0002:00004565       __crt_at_quick_exit        00415565 f   ucrtd:ucrtbased.dll
 0002:0000456b       __controlfp_s              0041556b f   ucrtd:ucrtbased.dll
 0002:00004571       _terminate                 00415571 f   ucrtd:ucrtbased.dll
 0002:00004577       __wmakepath_s              00415577 f   ucrtd:ucrtbased.dll
 0002:0000457d       __wsplitpath_s             0041557d f   ucrtd:ucrtbased.dll
 0002:00004583       _wcscpy_s                  00415583 f   ucrtd:ucrtbased.dll
 0002:00004589       _UnhandledExceptionFilter@4 00415589 f   kernel32:KERNEL32.dll
 0002:0000458f       _SetUnhandledExceptionFilter@4 0041558f f   kernel32:KERNEL32.dll
 0002:00004595       _GetCurrentProcess@0       00415595 f   kernel32:KERNEL32.dll
 0002:0000459b       _TerminateProcess@8        0041559b f   kernel32:KERNEL32.dll
 0002:000045a1       _IsProcessorFeaturePresent@4 004155a1 f   kernel32:KERNEL32.dll
 0002:000045a7       _IsDebuggerPresent@0       004155a7 f   kernel32:KERNEL32.dll
 0002:000045ad       _RaiseException@16         004155ad f   kernel32:KERNEL32.dll
 0002:000045b3       _MultiByteToWideChar@24    004155b3 f   kernel32:KERNEL32.dll
 0002:000045b9       _WideCharToMultiByte@32    004155b9 f   kernel32:KERNEL32.dll
 0002:000045bf       _QueryPerformanceCounter@4 004155bf f   kernel32:KERNEL32.dll
 0002:000045c5       _GetCurrentProcessId@0     004155c5 f   kernel32:KERNEL32.dll
 0002:000045cb       _GetCurrentThreadId@0      004155cb f   kernel32:KERNEL32.dll
 0002:000045d1       _GetSystemTimeAsFileTime@4 004155d1 f   kernel32:KERNEL32.dll
 0002:000045d7       _InitializeSListHead@4     004155d7 f   kernel32:KERNEL32.dll
 0002:000045dd       _GetStartupInfoW@4         004155dd f   kernel32:KERNEL32.dll
 0002:000045e3       _GetModuleHandleW@4        004155e3 f   kernel32:KERNEL32.dll
 0002:000045e9       _GetLastError@0            004155e9 f   kernel32:KERNEL32.dll
 0002:000045ef       _HeapAlloc@12              004155ef f   kernel32:KERNEL32.dll
 0002:000045f5       _HeapFree@12               004155f5 f   kernel32:KERNEL32.dll
 0002:000045fb       _GetProcessHeap@0          004155fb f   kernel32:KERNEL32.dll
 0002:00004601       _VirtualQuery@12           00415601 f   kernel32:KERNEL32.dll
 0002:00004607       _FreeLibrary@4             00415607 f   kernel32:KERNEL32.dll
 0002:0000460d       _GetProcAddress@8          0041560d f   kernel32:KERNEL32.dll
 0002:00004620       ___acrt_initialize         00415620 f   MSVCRTD:ucrt_stubs.obj
 0002:00004620       ___scrt_stub_for_acrt_initialize 00415620 f   MSVCRTD:ucrt_stubs.obj
 0002:00004620       ___vcrt_initialize         00415620 f   MSVCRTD:ucrt_stubs.obj
 0002:00004630       ___acrt_thread_attach      00415630 f   MSVCRTD:ucrt_stubs.obj
 0002:00004630       ___scrt_stub_for_acrt_thread_attach 00415630 f   MSVCRTD:ucrt_stubs.obj
 0002:00004630       ___vcrt_thread_attach      00415630 f   MSVCRTD:ucrt_stubs.obj
 0002:00004640       ___acrt_thread_detach      00415640 f   MSVCRTD:ucrt_stubs.obj
 0002:00004640       ___scrt_stub_for_acrt_thread_detach 00415640 f   MSVCRTD:ucrt_stubs.obj
 0002:00004640       ___vcrt_thread_detach      00415640 f   MSVCRTD:ucrt_stubs.obj
 0002:00004650       ___acrt_uninitialize       00415650 f   MSVCRTD:ucrt_stubs.obj
 0002:00004650       ___scrt_stub_for_acrt_uninitialize 00415650 f   MSVCRTD:ucrt_stubs.obj
 0002:00004650       ___vcrt_uninitialize       00415650 f   MSVCRTD:ucrt_stubs.obj
 0002:00004660       ___acrt_uninitialize_critical 00415660 f   MSVCRTD:ucrt_stubs.obj
 0002:00004660       ___scrt_stub_for_acrt_uninitialize_critical 00415660 f   MSVCRTD:ucrt_stubs.obj
 0002:00004660       ___vcrt_uninitialize_critical 00415660 f   MSVCRTD:ucrt_stubs.obj
 0002:00004670       ___scrt_stub_for_is_c_termination_complete 00415670 f   MSVCRTD:ucrt_stubs.obj
 0002:00004670       __is_c_termination_complete 00415670 f   MSVCRTD:ucrt_stubs.obj
 0002:00004680       __filter_x86_sse2_floating_point_exception 00415680 f   MSVCRTD:x86_exception_filter.obj
 0002:00004680       __filter_x86_sse2_floating_point_exception_default 00415680 f   MSVCRTD:x86_exception_filter.obj
 0003:00000000       ___xc_a                    00417000     MSVCRTD:initializers.obj
 0003:00000208       ___xc_z                    00417208     MSVCRTD:initializers.obj
 0003:0000030c       ___xi_a                    0041730c     MSVCRTD:initializers.obj
 0003:00000618       ___xi_z                    00417618     MSVCRTD:initializers.obj
 0003:0000071c       ___xp_a                    0041771c     MSVCRTD:initializers.obj
 0003:00000820       ___xp_z                    00417820     MSVCRTD:initializers.obj
 0003:00000924       ___xt_a                    00417924     MSVCRTD:initializers.obj
 0003:00000a28       ___xt_z                    00417a28     MSVCRTD:initializers.obj
 0003:00000b30       ??_C@_00CNPNBAHC@@         00417b30     framework.obj
 0003:00000b34       ??_C@_07KGMMFLDN@Warning@  00417b34     framework.obj
 0003:00000b40       ??_C@_0BA@KGPGJABH@Nothing?5entered@ 00417b40     framework.obj
 0003:00000c20       ??_C@_0NN@JMPELKLB@The?5value?5of?5ESP?5was?5not?5proper@ 00417c20     MSVCRTD:error.obj
 0003:00000d30       ??_C@_0BBN@ELNNILBE@A?5cast?5to?5a?5smaller?5data?5type?5h@ 00417d30     MSVCRTD:error.obj
 0003:00000e88       ??_C@_0BN@BPOGFMJL@Stack?5memory?5was?5corrupted?$AN?6@ 00417e88     MSVCRTD:error.obj
 0003:00000eac       ??_C@_0DG@DAJCDLPN@A?5local?5variable?5was?5used?5befor@ 00417eac     MSVCRTD:error.obj
 0003:00000eec       ??_C@_0CM@JMIDGKLA@Stack?5memory?5around?5_alloca?5was@ 00417eec     MSVCRTD:error.obj
 0003:00000f20       ??_C@_0BO@CHIONIOI@Unknown?5Runtime?5Check?5Error?$AN?6@ 00417f20     MSVCRTD:error.obj
 0003:00000f48       ??_C@_1GM@CNOOJIHC@?$AAR?$AAu?$AAn?$AAt?$AAi?$AAm?$AAe?$AA?5?$AAC?$AAh?$AAe?$AAc?$AAk?$AA?5?$AAE@ 00417f48     MSVCRTD:error.obj
 0003:00000fd0       ??_C@_1EA@NFKNIFJP@?$AAR?$AAu?$AAn?$AA?9?$AAT?$AAi?$AAm?$AAe?$AA?5?$AAC?$AAh?$AAe?$AAc?$AAk?$AA?5@ 00417fd0     MSVCRTD:error.obj
 0003:0000101c       ??_C@_0BB@PFFGGCJP@Unknown?5Filename@ 0041801c     MSVCRTD:error.obj
 0003:00001030       ??_C@_0BE@GNBOBNCK@Unknown?5Module?5Name@ 00418030     MSVCRTD:error.obj
 0003:00001048       ??_C@_0CA@IODNCDPG@Run?9Time?5Check?5Failure?5?$CD?$CFd?5?9?5?$CFs@ 00418048     MSVCRTD:error.obj
 0003:00001070       ??_C@_0CG@IAFNJNEE@Stack?5corrupted?5near?5unknown?5va@ 00418070     MSVCRTD:error.obj
 0003:000010a0       ??_C@_05MKKEDADM@?$CF?42X?5@ 004180a0     MSVCRTD:error.obj
 0003:000010a8       ??_C@_0EJ@LJKNEOLN@Stack?5area?5around?5_alloca?5memor@ 004180a8     MSVCRTD:error.obj
 0003:00001100       ??_C@_01EEMJAFIK@?6@       00418100     MSVCRTD:error.obj
 0003:00001104       ??_C@_02LLMPMKNF@?$DO?5@   00418104     MSVCRTD:error.obj
 0003:00001108       ??_C@_08OMAHNMHJ@?6Data?3?5?$DM@ 00418108     MSVCRTD:error.obj
 0003:00001114       ??_C@_0CK@DKGBICFE@?6Allocation?5number?5within?5this?5@ 00418114     MSVCRTD:error.obj
 0003:00001148       ??_C@_07DFDJCKFN@?6Size?3?5@ 00418148     MSVCRTD:error.obj
 0003:00001154       ??_C@_0N@MHFFIMFG@?6Address?3?50x@ 00418154     MSVCRTD:error.obj
 0003:00001168       ??_C@_0EI@CLEPFNGI@Stack?5area?5around?5_alloca?5memor@ 00418168     MSVCRTD:error.obj
 0003:000011c0       ??_C@_0BK@ODNDAGKB@?$CFs?$CFs?$CFp?$CFs?$CFzd?$CFs?$CFd?$CFs?$CFs?$CFs?$CFs?$CFs@ 004181c0     MSVCRTD:error.obj
 0003:000011e0       ??_C@_0DE@OHJBPMBP@A?5variable?5is?5being?5used?5withou@ 004181e0     MSVCRTD:error.obj
 0003:00001238       ??_C@_0BJ@HEGAHDFO@Stack?5pointer?5corruption@ 00418238     MSVCRTD:userapi.obj
 0003:00001258       ??_C@_0CK@FEGOIOPB@Cast?5to?5smaller?5type?5causing?5lo@ 00418258     MSVCRTD:userapi.obj
 0003:0000128c       ??_C@_0BI@CIGMDCBH@Stack?5memory?5corruption@ 0041828c     MSVCRTD:userapi.obj
 0003:000012a8       ??_C@_0CK@CNLNOEPB@Local?5variable?5used?5before?5init@ 004182a8     MSVCRTD:userapi.obj
 0003:000012dc       ??_C@_0BP@OGBCLIBO@Stack?5around?5_alloca?5corrupted@ 004182dc     MSVCRTD:userapi.obj
 0003:00001360       ??_C@_1EI@MLPKHBGE@?$AAa?$AAp?$AAi?$AA?9?$AAm?$AAs?$AA?9?$AAw?$AAi?$AAn?$AA?9?$AAc?$AAo?$AAr?$AAe@ 00418360     MSVCRTD:pdblkup.obj
 0003:000013b8       ??_C@_1BK@JHLNAEJL@?$AAa?$AAd?$AAv?$AAa?$AAp?$AAi?$AA3?$AA2?$AA?4?$AAd?$AAl?$AAl@ 004183b8     MSVCRTD:pdblkup.obj
 0003:000013d8       ??_C@_0O@COHOBMLB@RegOpenKeyExW@ 004183d8     MSVCRTD:pdblkup.obj
 0003:000013e8       ??_C@_0BB@GLNAEDBD@RegQueryValueExW@ 004183e8     MSVCRTD:pdblkup.obj
 0003:000013fc       ??_C@_0M@HLOHPNFA@RegCloseKey@ 004183fc     MSVCRTD:pdblkup.obj
 0003:00001410       ??_C@_1HE@EBEAGLFB@?$AAS?$AAO?$AAF?$AAT?$AAW?$AAA?$AAR?$AAE?$AA?2?$AAW?$AAo?$AAw?$AA6?$AA4?$AA3@ 00418410     MSVCRTD:pdblkup.obj
 0003:0000149c       ??_C@_1BG@EABPBLLF@?$AAP?$AAr?$AAo?$AAd?$AAu?$AAc?$AAt?$AAD?$AAi?$AAr@ 0041849c     MSVCRTD:pdblkup.obj
 0003:000014dc       ??_C@_1BC@JINFINNJ@?$AAM?$AAS?$AAP?$AAD?$AAB?$AA1?$AA4?$AA0@ 004184dc     MSVCRTD:pdblkup.obj
 0003:000014f4       ??_C@_0BB@KCIACLNC@PDBOpenValidate5@ 004184f4     MSVCRTD:pdblkup.obj
 0003:00001508       ??_C@_01KDCPPGHE@r@        00418508     MSVCRTD:pdblkup.obj
 0003:00001510       __load_config_used         00418510     MSVCRTD:loadcfg.obj
 0003:00001780       ___CastGuardVftablesStart  00418780     MSVCRTD:guard_support.obj
 0003:00001900       ___CastGuardVftablesEnd    00418900     MSVCRTD:guard_support.obj
 0003:00001bd8       ___rtc_iaa                 00418bd8     MSVCRTD:initsect.obj
 0003:00001de0       ___rtc_izz                 00418de0     MSVCRTD:initsect.obj
 0003:00001ee4       ___rtc_taa                 00418ee4     MSVCRTD:initsect.obj
 0003:000020ec       ___rtc_tzz                 004190ec     MSVCRTD:initsect.obj
 0004:000000b0       ___security_cookie_complement 0041a0b0     MSVCRTD:gs_cookie.obj
 0004:000000b4       ___security_cookie         0041a0b4     MSVCRTD:gs_cookie.obj
 0004:000000bc       ?_RTC_ErrorLevels@@3PAHA   0041a0bc     MSVCRTD:error.obj
 0004:000000d4       ___scrt_native_dllmain_reason 0041a0d4     MSVCRTD:utility.obj
 0004:000000d8       ___scrt_default_matherr    0041a0d8     MSVCRTD:matherr.obj
 0004:000000dc       ___isa_enabled             0041a0dc     MSVCRTD:cpu_disp.obj
 0004:000000e0       ___scrt_ucrt_dll_is_in_use 0041a0e0     MSVCRTD:ucrt_stubs.obj
 0004:00000818       ?_OptionsStorage@?1??__local_stdio_printf_options@@9@4_KA 0041a818     MSVCRTD:error.obj
 0004:00000830       ___scrt_current_native_startup_state 0041a830     MSVCRTD:utility.obj
 0004:00000834       ___scrt_native_startup_lock 0041a834     MSVCRTD:utility.obj
 0004:00000860       ?__type_info_root_node@@3U__type_info_node@@A 0041a860     MSVCRTD:tncleanup.obj
 0004:00000870       ?_OptionsStorage@?1??__local_stdio_scanf_options@@9@4_KA 0041a870     MSVCRTD:default_local_stdio_options.obj
 0004:0000087c       ___scrt_debugger_hook_flag 0041a87c     MSVCRTD:utility_desktop.obj
 0004:00000880       ___castguard_check_failure_user_handled_fptr 0041a880     MSVCRTD:guard_support.obj
 0004:0000088c       ___isa_available           0041a88c     MSVCRTD:cpu_disp.obj
 0004:00000890       ___favor                   0041a890     MSVCRTD:cpu_disp.obj
 0004:00000898       __hInstance                0041a898     <common>
 0004:000008a4       ___dyn_tls_dtor_callback   0041a8a4     <common>
 0004:000008b0       ___dyn_tls_init_callback   0041a8b0     <common>
 0005:00000000       __imp__GetStartupInfoW@4   0041b000     kernel32:KERNEL32.dll
 0005:00000004       __imp__SetUnhandledExceptionFilter@4 0041b004     kernel32:KERNEL32.dll
 0005:00000008       __imp__GetCurrentProcess@0 0041b008     kernel32:KERNEL32.dll
 0005:0000000c       __imp__TerminateProcess@8  0041b00c     kernel32:KERNEL32.dll
 0005:00000010       __imp__IsProcessorFeaturePresent@4 0041b010     kernel32:KERNEL32.dll
 0005:00000014       __imp__IsDebuggerPresent@0 0041b014     kernel32:KERNEL32.dll
 0005:00000018       __imp__RaiseException@16   0041b018     kernel32:KERNEL32.dll
 0005:0000001c       __imp__GetProcAddress@8    0041b01c     kernel32:KERNEL32.dll
 0005:00000020       __imp__FreeLibrary@4       0041b020     kernel32:KERNEL32.dll
 0005:00000024       __imp__VirtualQuery@12     0041b024     kernel32:KERNEL32.dll
 0005:00000028       __imp__GetProcessHeap@0    0041b028     kernel32:KERNEL32.dll
 0005:0000002c       __imp__HeapFree@12         0041b02c     kernel32:KERNEL32.dll
 0005:00000030       __imp__HeapAlloc@12        0041b030     kernel32:KERNEL32.dll
 0005:00000034       __imp__GetLastError@0      0041b034     kernel32:KERNEL32.dll
 0005:00000038       __imp__GetModuleHandleW@4  0041b038     kernel32:KERNEL32.dll
 0005:0000003c       __imp__UnhandledExceptionFilter@4 0041b03c     kernel32:KERNEL32.dll
 0005:00000040       __imp__InitializeSListHead@4 0041b040     kernel32:KERNEL32.dll
 0005:00000044       __imp__GetSystemTimeAsFileTime@4 0041b044     kernel32:KERNEL32.dll
 0005:00000048       __imp__GetCurrentThreadId@0 0041b048     kernel32:KERNEL32.dll
 0005:0000004c       __imp__GetCurrentProcessId@0 0041b04c     kernel32:KERNEL32.dll
 0005:00000050       __imp__QueryPerformanceCounter@4 0041b050     kernel32:KERNEL32.dll
 0005:00000054       __imp__WideCharToMultiByte@32 0041b054     kernel32:KERNEL32.dll
 0005:00000058       __imp__MultiByteToWideChar@24 0041b058     kernel32:KERNEL32.dll
 0005:0000005c       \177KERNEL32_NULL_THUNK_DATA 0041b05c     kernel32:KERNEL32.dll
 0005:00000098       __imp__GetDlgItemTextA@16  0041b098     user32:USER32.dll
 0005:0000009c       __imp__SetDlgItemTextA@12  0041b09c     user32:USER32.dll
 0005:000000a0       __imp__GetDlgItem@8        0041b0a0     user32:USER32.dll
 0005:000000a4       __imp__EndDialog@8         0041b0a4     user32:USER32.dll
 0005:000000a8       __imp__GetWindowTextLengthA@4 0041b0a8     user32:USER32.dll
 0005:000000ac       __imp__MessageBoxA@16      0041b0ac     user32:USER32.dll
 0005:000000b0       __imp__DialogBoxParamA@20  0041b0b0     user32:USER32.dll
 0005:000000b4       \177USER32_NULL_THUNK_DATA 0041b0b4     user32:USER32.dll
 0005:000000e4       __imp____current_exception_context 0041b0e4     vcruntimed:VCRUNTIME140D.dll
 0005:000000e8       __imp__memset              0041b0e8     vcruntimed:VCRUNTIME140D.dll
 0005:000000ec       __imp___except_handler4_common 0041b0ec     vcruntimed:VCRUNTIME140D.dll
 0005:000000f0       __imp____vcrt_GetModuleFileNameW 0041b0f0     vcruntimed:VCRUNTIME140D.dll
 0005:000000f4       __imp____vcrt_GetModuleHandleW 0041b0f4     vcruntimed:VCRUNTIME140D.dll
 0005:000000f8       __imp____vcrt_LoadLibraryExW 0041b0f8     vcruntimed:VCRUNTIME140D.dll
 0005:000000fc       __imp____current_exception 0041b0fc     vcruntimed:VCRUNTIME140D.dll
 0005:00000100       __imp____std_type_info_destroy_list 0041b100     vcruntimed:VCRUNTIME140D.dll
 0005:00000104       \177VCRUNTIME140D_NULL_THUNK_DATA 0041b104     vcruntimed:VCRUNTIME140D.dll
 0005:00000134       __imp___initialize_onexit_table 0041b134     ucrtd:ucrtbased.dll
 0005:00000138       __imp___register_onexit_function 0041b138     ucrtd:ucrtbased.dll
 0005:0000013c       __imp___execute_onexit_table 0041b13c     ucrtd:ucrtbased.dll
 0005:00000140       __imp___crt_atexit         0041b140     ucrtd:ucrtbased.dll
 0005:00000144       __imp___crt_at_quick_exit  0041b144     ucrtd:ucrtbased.dll
 0005:00000148       __imp___controlfp_s        0041b148     ucrtd:ucrtbased.dll
 0005:0000014c       __imp__terminate           0041b14c     ucrtd:ucrtbased.dll
 0005:00000150       __imp___wmakepath_s        0041b150     ucrtd:ucrtbased.dll
 0005:00000154       __imp___wsplitpath_s       0041b154     ucrtd:ucrtbased.dll
 0005:00000158       __imp__wcscpy_s            0041b158     ucrtd:ucrtbased.dll
 0005:0000015c       __imp____stdio_common_vsprintf_s 0041b15c     ucrtd:ucrtbased.dll
 0005:00000160       __imp___set_fmode          0041b160     ucrtd:ucrtbased.dll
 0005:00000164       __imp__exit                0041b164     ucrtd:ucrtbased.dll
 0005:00000168       __imp___initterm_e         0041b168     ucrtd:ucrtbased.dll
 0005:0000016c       __imp___initterm           0041b16c     ucrtd:ucrtbased.dll
 0005:00000170       __imp___get_narrow_winmain_command_line 0041b170     ucrtd:ucrtbased.dll
 0005:00000174       __imp___initialize_narrow_environment 0041b174     ucrtd:ucrtbased.dll
 0005:00000178       __imp___configure_narrow_argv 0041b178     ucrtd:ucrtbased.dll
 0005:0000017c       __imp____setusermatherr    0041b17c     ucrtd:ucrtbased.dll
 0005:00000180       __imp___set_app_type       0041b180     ucrtd:ucrtbased.dll
 0005:00000184       __imp___seh_filter_exe     0041b184     ucrtd:ucrtbased.dll
 0005:00000188       __imp___CrtDbgReportW      0041b188     ucrtd:ucrtbased.dll
 0005:0000018c       __imp___CrtDbgReport       0041b18c     ucrtd:ucrtbased.dll
 0005:00000190       __imp__strcpy              0041b190     ucrtd:ucrtbased.dll
 0005:00000194       __imp___seh_filter_dll     0041b194     ucrtd:ucrtbased.dll
 0005:00000198       __imp__strcpy_s            0041b198     ucrtd:ucrtbased.dll
 0005:0000019c       __imp____p__commode        0041b19c     ucrtd:ucrtbased.dll
 0005:000001a0       __imp___set_new_mode       0041b1a0     ucrtd:ucrtbased.dll
 0005:000001a4       __imp___configthreadlocale 0041b1a4     ucrtd:ucrtbased.dll
 0005:000001a8       __imp___register_thread_local_exe_atexit_callback 0041b1a8     ucrtd:ucrtbased.dll
 0005:000001ac       __imp___c_exit             0041b1ac     ucrtd:ucrtbased.dll
 0005:000001b0       __imp___exit               0041b1b0     ucrtd:ucrtbased.dll
 0005:000001b4       __imp___cexit              0041b1b4     ucrtd:ucrtbased.dll
 0005:000001b8       __imp__strcat_s            0041b1b8     ucrtd:ucrtbased.dll
 0005:000001bc       \177ucrtbased_NULL_THUNK_DATA 0041b1bc     ucrtd:ucrtbased.dll
 0005:00000200       __IMPORT_DESCRIPTOR_USER32 0041b200     user32:USER32.dll
 0005:00000214       __IMPORT_DESCRIPTOR_VCRUNTIME140D 0041b214     vcruntimed:VCRUNTIME140D.dll
 0005:00000228       __IMPORT_DESCRIPTOR_ucrtbased 0041b228     ucrtd:ucrtbased.dll
 0005:0000023c       __IMPORT_DESCRIPTOR_KERNEL32 0041b23c     kernel32:KERNEL32.dll
 0005:00000250       __NULL_IMPORT_DESCRIPTOR   0041b250     user32:USER32.dll
 0006:00000000       ___guard_check_icall_fptr  0041c000     MSVCRTD:guard_support.obj
 0006:00000004       ___guard_xfg_check_icall_fptr 0041c004     MSVCRTD:guard_support.obj
 0006:00000008       ___castguard_check_failure_os_handled_fptr 0041c008     MSVCRTD:guard_support.obj

 entry point at        0002:0000000a

 Static symbols

 0000:fffe2000       .debug$S                   00400000     ucrtd:ucrtbased.dll
 0000:fffe2000       .debug$S                   00400000     ucrtd:ucrtbased.dll
 0000:fffe2000       .debug$S                   00400000     ucrtd:ucrtbased.dll
 0000:fffe2000       .debug$S                   00400000     ucrtd:ucrtbased.dll
 0000:fffe2000       .debug$S                   00400000     ucrtd:ucrtbased.dll
 0000:fffe2000       .debug$S                   00400000     ucrtd:ucrtbased.dll
 0000:fffe2000       .debug$S                   00400000     ucrtd:ucrtbased.dll
 0000:fffe2000       .debug$S                   00400000     ucrtd:ucrtbased.dll
 0000:fffe2000       .debug$S                   00400000     ucrtd:ucrtbased.dll
 0000:fffe2000       .debug$S                   00400000     ucrtd:ucrtbased.dll
 0000:fffe2000       .debug$S                   00400000     ucrtd:ucrtbased.dll
 0000:fffe2000       .debug$S                   00400000     ucrtd:ucrtbased.dll
 0000:fffe2000       .debug$S                   00400000     ucrtd:ucrtbased.dll
 0000:fffe2000       .debug$S                   00400000     ucrtd:ucrtbased.dll
 0000:fffe2000       .debug$S                   00400000     ucrtd:ucrtbased.dll
 0000:fffe2000       .debug$S                   00400000     ucrtd:ucrtbased.dll
 0000:fffe2000       .debug$S                   00400000     ucrtd:ucrtbased.dll
 0000:fffe2000       .debug$S                   00400000     ucrtd:ucrtbased.dll
 0000:fffe2000       .debug$S                   00400000     ucrtd:ucrtbased.dll
 0000:fffe2000       .debug$S                   00400000     ucrtd:ucrtbased.dll
 0000:fffe2000       .debug$S                   00400000     ucrtd:ucrtbased.dll
 0000:fffe2000       .debug$S                   00400000     ucrtd:ucrtbased.dll
 0000:fffe2000       .debug$S                   00400000     ucrtd:ucrtbased.dll
 0000:fffe2000       .debug$S                   00400000     ucrtd:ucrtbased.dll
 0000:fffe2000       .debug$S                   00400000     ucrtd:ucrtbased.dll
 0000:fffe2000       .debug$S                   00400000     ucrtd:ucrtbased.dll
 0000:fffe2000       .debug$S                   00400000     ucrtd:ucrtbased.dll
 0000:fffe2000       .debug$S                   00400000     ucrtd:ucrtbased.dll
 0000:fffe2000       .debug$S                   00400000     ucrtd:ucrtbased.dll
 0000:fffe2000       .debug$S                   00400000     ucrtd:ucrtbased.dll
 0000:fffe2000       .debug$S                   00400000     ucrtd:ucrtbased.dll
 0000:fffe2000       .debug$S                   00400000     ucrtd:ucrtbased.dll
 0000:fffe2000       .debug$S                   00400000     ucrtd:ucrtbased.dll
 0000:fffe2000       .debug$S                   00400000     ucrtd:ucrtbased.dll
 0000:fffe2000       .debug$S                   00400000     kernel32:KERNEL32.dll
 0000:fffe2000       .debug$S                   00400000     kernel32:KERNEL32.dll
 0000:fffe2000       .debug$S                   00400000     kernel32:KERNEL32.dll
 0000:fffe2000       .debug$S                   00400000     kernel32:KERNEL32.dll
 0000:fffe2000       .debug$S                   00400000     kernel32:KERNEL32.dll
 0000:fffe2000       .debug$S                   00400000     kernel32:KERNEL32.dll
 0000:fffe2000       .debug$S                   00400000     kernel32:KERNEL32.dll
 0000:fffe2000       .debug$S                   00400000     kernel32:KERNEL32.dll
 0000:fffe2000       .debug$S                   00400000     kernel32:KERNEL32.dll
 0000:fffe2000       .debug$S                   00400000     kernel32:KERNEL32.dll
 0000:fffe2000       .debug$S                   00400000     kernel32:KERNEL32.dll
 0000:fffe2000       .debug$S                   00400000     kernel32:KERNEL32.dll
 0000:fffe2000       .debug$S                   00400000     kernel32:KERNEL32.dll
 0000:fffe2000       .debug$S                   00400000     kernel32:KERNEL32.dll
 0000:fffe2000       .debug$S                   00400000     kernel32:KERNEL32.dll
 0000:fffe2000       .debug$S                   00400000     kernel32:KERNEL32.dll
 0000:fffe2000       .debug$S                   00400000     kernel32:KERNEL32.dll
 0000:fffe2000       .debug$S                   00400000     kernel32:KERNEL32.dll
 0000:fffe2000       .debug$S                   00400000     kernel32:KERNEL32.dll
 0000:fffe2000       .debug$S                   00400000     kernel32:KERNEL32.dll
 0000:fffe2000       .debug$S                   00400000     kernel32:KERNEL32.dll
 0000:fffe2000       .debug$S                   00400000     kernel32:KERNEL32.dll
 0000:fffe2000       .debug$S                   00400000     kernel32:KERNEL32.dll
 0000:fffe2000       .debug$S                   00400000     user32:USER32.dll
 0000:fffe2000       .debug$S                   00400000     user32:USER32.dll
 0000:fffe2000       .debug$S                   00400000     user32:USER32.dll
 0000:fffe2000       .debug$S                   00400000     user32:USER32.dll
 0000:fffe2000       .debug$S                   00400000     user32:USER32.dll
 0000:fffe2000       .debug$S                   00400000     user32:USER32.dll
 0000:fffe2000       .debug$S                   00400000     user32:USER32.dll
 0000:fffe4000       __guard_fids___except_handler4 00400000     MSVCRTD:chandler4gs.obj
 0000:00000000       _volmd                     00400000     MSVCRTD:cpu_disp.obj
 0000:fffe4000       __guard_fids_?pre_c_initialization@@YAHXZ 00400000     MSVCRTD:exe_winmain.obj
 0000:fffe4000       __guard_fids__             00400000     MSVCRTD:exe_winmain.obj
 0000:00000000       _volmd                     00400000     MSVCRTD:gs_report.obj
 0000:fffe4000       __guard_fids__             00400000     MSVCRTD:guard_support.obj
 0000:fffe4000       __guard_fids__             00400000     MSVCRTD:guard_support.obj
 0000:fffe4000       __guard_fids___guard_icall_checks_enforced 00400000     MSVCRTD:guard_support.obj
 0000:00000000       _volmd                     00400000     MSVCRTD:guard_support.obj
 0000:00000000       _volmd                     00400000     MSVCRTD:guard_support.obj
 0000:00000000       _volmd                     00400000     MSVCRTD:guard_support.obj
 0000:fffe4000       __guard_fids___CRT_RTC_INIT 00400000     MSVCRTD:init.obj
 0000:fffe4000       __guard_fids___CRT_RTC_INITW 00400000     MSVCRTD:init.obj
 0000:fffe4000       __guard_fids____scrt_set_unhandled_exception_filter 00400000     MSVCRTD:utility_desktop.obj
 0000:fffe2000       .debug$S                   00400000     vcruntimed:VCRUNTIME140D.dll
 0000:fffe2000       .debug$S                   00400000     vcruntimed:VCRUNTIME140D.dll
 0000:fffe2000       .debug$S                   00400000     vcruntimed:VCRUNTIME140D.dll
 0000:fffe2000       .debug$S                   00400000     vcruntimed:VCRUNTIME140D.dll
 0000:fffe2000       .debug$S                   00400000     vcruntimed:VCRUNTIME140D.dll
 0000:fffe2000       .debug$S                   00400000     vcruntimed:VCRUNTIME140D.dll
 0000:fffe2000       .debug$S                   00400000     vcruntimed:VCRUNTIME140D.dll
 0000:fffe2000       .debug$S                   00400000     vcruntimed:VCRUNTIME140D.dll
 0000:fffe4004       __guard_fids__             00400004     MSVCRTD:exe_winmain.obj
 0000:fffe4008       __guard_fids__             00400008     MSVCRTD:exe_winmain.obj
 0002:00000b30       $$000000                   00411b30     P4_0_Martinez.obj
 0002:00000c30       $$000000                   00411c30     io.obj
 0002:000014f0       ?pre_c_initialization@@YAHXZ 004124f0 f   MSVCRTD:exe_winmain.obj
 0002:000015d0       ?post_pgo_initialization@@YAHXZ 004125d0 f   MSVCRTD:exe_winmain.obj
 0002:000015e0       ?pre_cpp_initialization@@YAXXZ 004125e0 f   MSVCRTD:exe_winmain.obj
 0002:00001600       ?__scrt_common_main@@YAHXZ 00412600 f   MSVCRTD:exe_winmain.obj
 0002:00001620       ?__scrt_common_main_seh@@YAHXZ 00412620 f   MSVCRTD:exe_winmain.obj
 0002:000018f0       ?invoke_main@@YAHXZ        004128f0 f   MSVCRTD:exe_winmain.obj
 0002:000019a0       ?DebuggerProbe@@YA_NK@Z    004129a0 f   MSVCRTD:error.obj
 0002:000019f0       ?DebuggerRuntime@@YA_NKHPAXPB_W@Z 004129f0 f   MSVCRTD:error.obj
 0002:00001cc0       ?_getMemBlockDataString@@YAXPAD0PBDI@Z 00412cc0 f   MSVCRTD:error.obj
 0002:00001d50       ?_strlen_priv@@YAIPBD@Z    00412d50 f   MSVCRTD:error.obj
 0002:00001d70       ?failwithmessage@@YAXPAXHHPBD@Z 00412d70 f   MSVCRTD:error.obj
 0002:00001ff0       ?notify_debugger@@YAXABUtagEXCEPTION_VISUALCPP_DEBUG_INFO@@@Z 00412ff0 f   MSVCRTD:error.obj
 0002:000022d0       ?find_pe_section@@YAPAU_IMAGE_SECTION_HEADER@@QAEI@Z 004132d0 f   MSVCRTD:utility.obj
 0002:00002380       ?is_potentially_valid_image_base@@YA_NQAX@Z 00413380 f   MSVCRTD:utility.obj
 0002:00002a90       ___get_entropy             00413a90 f   MSVCRTD:gs_support.obj
 0002:000032d0       ___castguard_check_failure_os_handled_wrapper 004142d0 f   MSVCRTD:guard_support.obj
 0002:00003330       ___castguard_check_failure_user_handled_wrapper 00414330 f   MSVCRTD:guard_support.obj
 0002:00003370       ___castguard_compat_check  00414370 f   MSVCRTD:guard_support.obj
 0002:00003530       ___castguard_slow_path_compat_check 00414530 f   MSVCRTD:guard_support.obj
 0002:000035c0       ?GetPdbDll@@YAPAUHINSTANCE__@@XZ 004145c0 f   MSVCRTD:pdblkup.obj
 0002:00003760       ?GetPdbDllFromInstallPath@@YAPAUHINSTANCE__@@XZ 00414760 f   MSVCRTD:pdblkup.obj
 0002:00003a50       ?GetPdbDllPathFromFilePath@@YAHPB_WPA_WI@Z 00414a50 f   MSVCRTD:pdblkup.obj
 0003:00000104       ?pre_cpp_initializer@@3P6AXXZA 00417104     MSVCRTD:exe_winmain.obj
 0003:00000410       ?pre_c_initializer@@3P6AHXZA 00417410     MSVCRTD:exe_winmain.obj
 0003:00000514       ?post_pgo_initializer@@3P6AHXZA 00417514     MSVCRTD:exe_winmain.obj
 0003:00000b54       _GS_ExceptionPointers      00417b54     MSVCRTD:gs_report.obj
 0003:00000b60       ?_RTC_ErrorMessages@@3QBQBDB 00417b60     MSVCRTD:error.obj
 0003:00000b78       ?_RTC_NoFalsePositives@@3QBHB 00417b78     MSVCRTD:error.obj
 0003:00000b90       ?stack_premsg@@3QBDB       00417b90     MSVCRTD:error.obj
 0003:00000bac       ?stack_postmsg@@3QBDB      00417bac     MSVCRTD:error.obj
 0003:00000bc0       ?uninit_premsg@@3QBDB      00417bc0     MSVCRTD:error.obj
 0003:00000bd0       ?uninit_postmsg@@3QBDB     00417bd0     MSVCRTD:error.obj
 0003:00001220       ?_RTC_errlist@@3QBQBDB     00418220     MSVCRTD:userapi.obj
 0003:00001304       ?mspdbName@@3QB_WB         00418304     MSVCRTD:pdblkup.obj
 0003:00001328       ?debugCrtFileName@@3QB_WB  00418328     MSVCRTD:pdblkup.obj
 0003:000014b8       ?dllExt@?1??GetPdbDllPathFromFilePath@@YAHPB_WPA_WI@Z@4QB_WB 004184b8     MSVCRTD:pdblkup.obj
 0003:000014c4       ?mspdbFilename@?1??GetPdbDllPathFromFilePath@@YAHPB_WPA_WI@Z@4QB_WB 004184c4     MSVCRTD:pdblkup.obj
 0003:00001cdc       __RTC_InitBase.rtc$IMZ     00418cdc     framework.obj
 0003:00001fe8       __RTC_Shutdown.rtc$TMZ     00418fe8     framework.obj
 0003:000021f0       __sehtable$?__scrt_common_main_seh@@YAHXZ 004191f0     MSVCRTD:exe_winmain.obj
 0003:00002210       __sehtable$?notify_debugger@@YAXABUtagEXCEPTION_VISUALCPP_DEBUG_INFO@@@Z 00419210     MSVCRTD:error.obj
 0003:00002230       __sehtable$___scrt_is_nonwritable_in_current_image 00419230     MSVCRTD:utility.obj
 0004:00000000       prompt1                    0041a000     P4_0_Martinez.obj
 0004:00000017       prompt2                    0041a017     P4_0_Martinez.obj
 0004:0000002f       prompt3                    0041a02f     P4_0_Martinez.obj
 0004:00000047       string                     0041a047     P4_0_Martinez.obj
 0004:0000006f       resultLbl                  0041a06f     P4_0_Martinez.obj
 0004:0000007c       sum                        0041a07c     P4_0_Martinez.obj
 0004:000001f0       _buf                       0041a1f0     framework.obj
 0004:000002f0       _inputLabel                0041a2f0     framework.obj
 0004:00000458       _GS_ExceptionRecord        0041a458     MSVCRTD:gs_report.obj
 0004:000004a8       _GS_ContextRecord          0041a4a8     MSVCRTD:gs_report.obj
 0004:00000813       ?init@?1??_RTC_InitBase@@9@4_NA 0041a813     MSVCRTD:init.obj
 0004:00000824       ?_RTC_ErrorReportFunc@@3P6AHHPBDH00ZZA 0041a824     MSVCRTD:userapi.obj
 0004:00000828       ?_RTC_ErrorReportFuncW@@3P6AHHPB_WH00ZZA 0041a828     MSVCRTD:userapi.obj
 0004:00000838       ?is_initialized_as_dll@@3_NA 0041a838     MSVCRTD:utility.obj
 0004:00000839       ?module_local_atexit_table_initialized@@3_NA 0041a839     MSVCRTD:utility.obj
 0004:0000083c       ?module_local_atexit_table@@3U_onexit_table_t@@A 0041a83c     MSVCRTD:utility.obj
 0004:00000848       ?module_local_at_quick_exit_table@@3U_onexit_table_t@@A 0041a848     MSVCRTD:utility.obj
 0004:00000884       ?mspdb@@3PAUHINSTANCE__@@A 0041a884     MSVCRTD:pdblkup.obj
 0004:00000888       ?alreadyTried@?1??GetPdbDll@@YAPAUHINSTANCE__@@XZ@4_NA 0041a888     MSVCRTD:pdblkup.obj
 0004:00000889       ?PDBOK@?1??_RTC_GetSrcLine@@YAHPAEPA_WKPAH1K@Z@4_NA 0041a889     MSVCRTD:pdblkup.obj
 0005:000004da       .idata$6                   0041b4da     user32:USER32.dll
 0005:000005ac       .idata$6                   0041b5ac     vcruntimed:VCRUNTIME140D.dll
 0005:00000832       .idata$6                   0041b832     ucrtd:ucrtbased.dll
 0005:00000a16       .idata$6                   0041ba16     kernel32:KERNEL32.dll
 0007:000001c0       $R000000                   0041d1c0     framework.res
 0007:00000268       $R0000A8                   0041d268     framework.res
